{
    "$schema": "http://json-schema.org/draft-07/schema#",
    "title": "Patch",
    "type": "array",
    "items": {
      "type": "object"
    }
  }